[elyse.dev/index.html]
[backblue.gif]
[fade.gif]
[index.html]
[elyse.dev/css/style.css]
[elyse.dev/script.html]
[elyse.dev/index-2.html]
[elyse.dev/images/hero-image.png]
[elyse.dev/images/feature-tile-icon-01.svg]
[elyse.dev/images/feature-tile-icon-02.svg]
[elyse.dev/images/feature-tile-icon-03.svg]
[elyse.dev/images/feature-tile-icon-04.svg]
[elyse.dev/images/feature-tile-icon-05.svg]
[elyse.dev/images/video-placeholder.svg]
[elyse.dev/images/element1.jpg]
[media.discordapp.net/attachments/906121989561929739/911659681661976586/4AAD82E6-A6FB-4447-9DBD-3B96A90CD2FF.jpg]
[media.discordapp.net/attachments/906121989561929739/910983968613081118/IMG_9234be76.jpg]
[elyse.dev/js/main.min.js]
[elyse.dev/index.html]
[shoppy.gg/api/embed.js]
[elyse.dev/images/illustration-section-01.svg]
[elyse.dev/images/illustration-element-01.svg]
[elyse.dev/css/style.css]
[elyse.dev/script.html]
[elyse.dev/index-2.html]
[elyse.dev/images/feature-tile-icon-01.svg]
[elyse.dev/images/feature-tile-icon-02.svg]
[elyse.dev/images/feature-tile-icon-03.svg]
[elyse.dev/images/feature-tile-icon-04.svg]
[elyse.dev/images/feature-tile-icon-05.svg]
[elyse.dev/images/video-placeholder.svg]
[elyse.dev/images/illustration-section-01.svg]
[elyse.dev/images/illustration-element-01.svg]
[elyse.dev/images/feature-tile-icon-06.svg]
[elyse.dev/images/feature-tile-icon-06.svg]
